The Sopranos
Game of Thrones
The Wire
Dexter
Breaking Bad
The Walking Dead
Boardwalk Empire
Rome
Mad Men
Sons of Anarchy
The West Wing
Weeds
Lost
Suits
Homeland
Spartacus: War of the Damned
The Simpsons
Family Guy
How I Met Your Mother
Oz
Firefly
Futurama
South Park
Entourage
Californication
Seinfeld
Carnivàle
Jericho
Flashforward
True Blood
The Vampire Diaries
Arrested Development
Deadwood
Six Feet Under
Boss
Hell on Wheels
The Shield
Blue Bloods
Misfits
Shameless
The Big Bang Theory
Rescue Me
The Borgias
It's Always Sunny in Philadelphia
The X-Files
Curb Your Enthusiasm
Episodes
American Horror Story
House of Lies
Luther
Justified
24
Sherlock
The Killing
Scrubs
House M.D.
Grey's Anatomy
ER
Friends
Fringe
Supernatural
Twin Peaks
Buffy the Vampire Slayer
Angel
Monk
Veronica Mars
Friday Night Lights
Doctor Who
Battlestar Galactica
Party Down
Community
Parks and Recreation
Louie
Archer
Happy Endings
Nip/Tuck
Malcolm in the Middle
Prison Break
The Newsroom
Modern Family
Numb3rs
The Mentalist
The Good Wife
Burn Notice
White Collar
Dallas
Freaks and Geeks
The League
Heroes
Desperate Housewives
Being Human
NCIS: Los Angeles
CSI: Miami
Psych
The Following
Roswell
M*A*S*H
Criminal Minds
The Office
Warehouse 13
Eureka
Only Fools and Horses....
Peep Show
The IT Crowd
Spaced
House of Cards
Twilight Zone
The Americans
Revenge
Bored to Death
Lie to Me
Royal Pains
Southland
Stargate SG-1
30 Rock
Chuck
Last Resort
Person of Interest
New Girl
That '70s Show
Life
Raising Hope
Star Trek
Star Trek: The Next Generation
Star Trek: Voyager
The Amazing Race
Vikings
Survivor
NCIS
Hannibal
Bates Motel
Arrow
Once Upon a Time
Revolution
Bones
Two and a Half Men
Glee
Castle
Awkward.
Downton Abbey
Grimm
Hawaii Five-0
Pretty Little Liars
CSI: Crime Scene Investigation
Elementary
Beauty and the Beast
Nikita
Lost Girl
Little House on the Prairie
Girls
2 Broke Girls
Suburgatory
Smallville
The Carrie Diaries
Gossip Girl
Hart of Dixie
90210
Nashville
Anger Management
Law & Order: Special Victims Unit
Banshee
Touch
Scandal
Body of Proof
One Tree Hill
Continuum
Teen Wolf
American Idol
Smash
American Dad!
Rules of Engagement
Adventure Time
Being Human
Falling Skies
Merlin
CSI: NY
Cougar Town
Nurse Jackie
The Mindy Project
Skins
Go On
The Tudors
Full House
Chicago Fire
MythBusters
Veep
Sex and the City
Avatar: The Last Airbender
The Middle
Dragon Ball Z
Charmed
Bob's Burgers
The Secret Life of the American Teenager
The Lying Game
Workaholics
Saturday Night Live
Top Gear
Spider-Man
Switched at Birth
Parenthood
Alias
Boy Meets World
666 Park Avenue
SpongeBob SquarePants
Top Gear
The Golden Girls
The O.C.
Mike & Molly
Batman: The Animated Series
Blackadder Goes Forth
The Legend of Korra
Chappelle's Show
Dragon Ball
Black Books
Coupling
The Colbert Report
Mr. Bean
Extras
Justice League
Red Dwarf
Agatha Christie's Poirot
The Inbetweeners
Samurai Jack
Courage the Cowardly Dog
Doctor Who
An Idiot Abroad
Farscape
Eastbound & Down
Trailer Park Boys
Blue Mountain State
Married with Children
The Boondocks
Babylon 5
Frasier
My Name Is Earl
The Fresh Prince of Bel-Air
Wilfred
Cheers
Star Trek: Deep Space Nine
Stargate: Atlantis
Gilmore Girls
Damages
QI
Young Justice
My So-Called Life
MI-5
Robot Chicken
NewsRadio
The Black Donnellys
Homicide: Life on the Street